[2026-05-24 14:37:05.519] [INFO] Logger initialized. Log file: D:\My Projects\Database Hub\bin\Debug\net6.0-windows\logs\database-hub-20260524-143705.log
[2026-05-24 14:37:08.109] [DEBUG] Connect called. ServerName: SQLNPROD01A\SQLIDEV,30401
[2026-05-24 14:37:08.109] [DEBUG] Using address: 'SQLNPROD01A\SQLIDEV,30401'
[2026-05-24 14:37:08.111] [DEBUG] IsConnecting set to true
[2026-05-24 14:37:08.131] [DEBUG] Connection string: Data Source=tcp:SQLNPROD01A\SQLIDEV,30401;Integrated Security=True;Connect Timeout=5;Encrypt=False;Trust Server Certificate=True
[2026-05-24 14:37:09.581] [DEBUG] SqlConnection object created.
[2026-05-24 14:37:13.137] [DEBUG] Connection succeeded
[2026-05-24 14:37:13.155] [DEBUG] IsConnecting set to false
[2026-05-24 14:37:48.853] [DEBUG] Connect called. ServerName: SQLQA,30402
[2026-05-24 14:37:48.854] [DEBUG] Using address: 'SQLQA,30402'
[2026-05-24 14:37:48.855] [DEBUG] IsConnecting set to true
[2026-05-24 14:37:48.857] [DEBUG] Connection string: Data Source=tcp:SQLQA,30402;Integrated Security=True;Connect Timeout=5;Encrypt=False;Trust Server Certificate=True
[2026-05-24 14:37:48.858] [DEBUG] SqlConnection object created.
[2026-05-24 14:37:52.185] [DEBUG] Connection succeeded
[2026-05-24 14:37:52.188] [DEBUG] IsConnecting set to false
[2026-05-24 14:37:59.732] [DEBUG] Connect called. ServerName: SQLSNPT2,40202
[2026-05-24 14:37:59.733] [DEBUG] Using address: 'SQLSNPT2,40202'
[2026-05-24 14:37:59.734] [DEBUG] IsConnecting set to true
[2026-05-24 14:37:59.735] [DEBUG] Connection string: Data Source=tcp:SQLSNPT2,40202;Integrated Security=True;Connect Timeout=5;Encrypt=False;Trust Server Certificate=True
[2026-05-24 14:37:59.735] [DEBUG] SqlConnection object created.
[2026-05-24 14:38:00.249] [ERROR] Connection failed: Login failed for user 'LBFINANCE\janithk'. Reason: The account is disabled.
[2026-05-24 14:38:00.297]    at Microsoft.Data.SqlClient.SqlInternalConnection.OnError(SqlException exception, Boolean breakConnection, Action`1 wrapCloseInAction)
   at Microsoft.Data.SqlClient.TdsParser.ThrowExceptionAndWarning(TdsParserStateObject stateObj, SqlCommand command, Boolean callerHasConnectionLock, Boolean asyncClose)
   at Microsoft.Data.SqlClient.TdsParser.TryRun(RunBehavior runBehavior, SqlCommand cmdHandler, SqlDataReader dataStream, BulkCopySimpleResultSet bulkCopyHandler, TdsParserStateObject stateObj, Boolean& dataReady)
   at Microsoft.Data.SqlClient.TdsParser.Run(RunBehavior runBehavior, SqlCommand cmdHandler, SqlDataReader dataStream, BulkCopySimpleResultSet bulkCopyHandler, TdsParserStateObject stateObj)
   at Microsoft.Data.SqlClient.SqlInternalConnectionTds.CompleteLogin(Boolean enlistOK)
   at Microsoft.Data.SqlClient.SqlInternalConnectionTds.AttemptOneLogin(ServerInfo serverInfo, String newPassword, SecureString newSecurePassword, TimeoutTimer timeout, Boolean withFailover)
   at Microsoft.Data.SqlClient.SqlInternalConnectionTds.LoginNoFailover(ServerInfo serverInfo, String newPassword, SecureString newSecurePassword, Boolean redirectedUserInstance, SqlConnectionString connectionOptions, SqlCredential credential, TimeoutTimer timeout)
   at Microsoft.Data.SqlClient.SqlInternalConnectionTds.OpenLoginEnlist(TimeoutTimer timeout, SqlConnectionString connectionOptions, SqlCredential credential, String newPassword, SecureString newSecurePassword, Boolean redirectedUserInstance)
   at Microsoft.Data.SqlClient.SqlInternalConnectionTds..ctor(DbConnectionPoolIdentity identity, SqlConnectionString connectionOptions, SqlCredential credential, Object providerInfo, String newPassword, SecureString newSecurePassword, Boolean redirectedUserInstance, SqlConnectionString userConnectionOptions, SessionData reconnectSessionData, Boolean applyTransientFaultHandling, String accessToken, DbConnectionPool pool, Func`3 accessTokenCallback)
   at Microsoft.Data.SqlClient.SqlConnectionFactory.CreateConnection(DbConnectionOptions options, DbConnectionPoolKey poolKey, Object poolGroupProviderInfo, DbConnectionPool pool, DbConnection owningConnection, DbConnectionOptions userOptions)
   at Microsoft.Data.ProviderBase.DbConnectionFactory.CreatePooledConnection(DbConnectionPool pool, DbConnection owningObject, DbConnectionOptions options, DbConnectionPoolKey poolKey, DbConnectionOptions userOptions)
   at Microsoft.Data.ProviderBase.DbConnectionPool.CreateObject(DbConnection owningObject, DbConnectionOptions userOptions, DbConnectionInternal oldConnection)
   at Microsoft.Data.ProviderBase.DbConnectionPool.UserCreateRequest(DbConnection owningObject, DbConnectionOptions userOptions, DbConnectionInternal oldConnection)
   at Microsoft.Data.ProviderBase.DbConnectionPool.TryGetConnection(DbConnection owningObject, UInt32 waitForMultipleObjectsTimeout, Boolean allowCreate, Boolean onlyOneCheckConnection, DbConnectionOptions userOptions, DbConnectionInternal& connection)
   at Microsoft.Data.ProviderBase.DbConnectionPool.WaitForPendingOpen()
--- End of stack trace from previous location ---
   at Database_Hub.ViewModels.DatabaseConnectionViewModel.Connect() in D:\My Projects\Database Hub\ViewModels\DatabaseConnectionViewModel.cs:line 215
[2026-05-24 14:38:13.930] [DEBUG] IsConnecting set to false
